// Jest Snapshot v1, https://goo.gl/fbAQLP

exports[`Hour should match with snapshot 1`] = `
<div class="inline-block hour m-2 animate__animated animate__bounceIn">
  <div class="bg-indigo-50 px-8 py-8 bg-white w-96 max-w-xs overflow-hidden rounded-lg shadow-md bg-white hover:shadow-xl transition-shadow duration-300 ease-in-out">
    <h3 class="py-2 text-4xl font-bold font-mono p-4 rounded-md"> <span class="text-2xl">â‚¬/MWh</span></h3>
    <div class="text-center mt-2 leading-none flex justify-between w-full"><span class="mr-3 inline-flex items-center leading-none text-2xl py-1 font-bold">

            </span> <span class=" inline-flex items-center leading-none text-5xl font-bold">

            </span></div>
  </div>
</div>
`;
